// Jest Snapshot v1, https://goo.gl/fbAQLP

exports[`scrum-app renders correctly 1`] = `
<scrum-app
  class="container"
>
  <scrum-collection
    title="Pondělí"
  />
  <scrum-collection
    title="Úterý"
  />
  <scrum-collection
    title="Středa"
  />
  <scrum-collection
    title="Čtvrtek"
  />
  <scrum-collection
    title="Pátek"
  />
  <scrum-collection
    title="Hotovo"
  />
  <scrum-collection
    title="Rozpracováno"
  />
  <scrum-collection
    title="Odloženo"
  />
  <scrum-collection
    title="Hotovo"
  />
  <scrum-backlog />
</scrum-app>
`;
