// Jest Snapshot v1, https://goo.gl/fbAQLP

exports[`user-app renders correctly 1`] = `
<user-app
  class="container"
>
  <img
    class="avatar"
  />
  <dropdown-app
    class="container"
  >
    <button
      class="button"
    />
    <ul
      class="list"
    />
  </dropdown-app>
</user-app>
`;
